// Jest Snapshot v1, https://goo.gl/fbAQLP

exports[`CLI help interface for 'admin' should be expected english 1`] = `
"Usage: frodo admin [options] [command]

Platform admin tasks.

Options:
  -h, --help                                  Help

Commands:
  add-autoid-static-user-mapping              Add AutoId static user mapping to enable dashboards and other AutoId-based functionality.
  create-oauth2-client-with-admin-privileges  Create an oauth2 client with admin privileges.
  export-full-cloud-config                    Export full cloud configuration for all ops that currently support export.
  federation                                  Manage admin federation configuration.
  get-access-token                            Get an access token using client credentials grant type.
  grant-oauth2-client-admin-privileges        Grant an oauth2 client admin privileges.
  help [command]                              display help for command
  hide-generic-extension-attributes           Hide generic extension attributes.
  list-oauth2-clients-with-admin-privileges   List oauth2 clients with admin privileges.
  list-oauth2-clients-with-custom-privileges  List oauth2 clients with custom privileges.
  list-static-user-mappings                   List all subjects of static user mappings that are not oauth2 clients.
  remove-static-user-mapping                  Remove a subject's static user mapping.
  repair-org-model                            Repair org model.
  revoke-oauth2-client-admin-privileges       Revoke admin privileges from an oauth2 client.
  show-generic-extension-attributes           Show generic extension attributes.
"
`;
