// Jest Snapshot v1, https://goo.gl/fbAQLP

exports[`CLI help interface for 'idm' should be expected english 1`] = `
"Usage: frodo idm [options] [command]

Manage IDM configuration.

Options:
  -h, --help  Help

Commands:
  count       Count managed objects.
  delete      Delete AM services.
  export      Export IDM configuration objects.
  help        display help for command
  import      Import IDM configuration objects.
  list        List IDM configuration objects.
  schema      Manage IDM schema.
"
`;
