// Jest Snapshot v1, https://goo.gl/fbAQLP

exports[`frodo authz policy delete "frodo authz policy delete --all --set-id test-policy-set": should delete all policies in the test-policy-set set 1`] = `""`;

exports[`frodo authz policy delete "frodo authz policy delete --all": should do nothing when no policies can be deleted 1`] = `
"Connected to https://openam-frodo-dev.forgeblocks.com/am [alpha] as service account Frodo-SA-1701807230743 [b672336b-41ef-428d-ae4a-e0c082875377]
- Retrieving all policies...
✔ Found 0 policies.
"
`;

exports[`frodo authz policy delete "frodo authz policy delete --policy-id 'Test Policy'": should display error when the policies with id 'Test Policy' cannot be deleted since it does not exist 1`] = `
"Connected to https://openam-frodo-dev.forgeblocks.com/am [alpha] as service account Frodo-SA-1701807230743 [b672336b-41ef-428d-ae4a-e0c082875377]
- Deleting Test Policy...
✖ Error deleting policy Test Policy
Error deleting alpha realm policy Test Policy
  HTTP client error
    Code: ERR_BAD_REQUEST
    Status: 404
    Reason: Not Found
    Message: Policy Test Policy does not exist.
"
`;

exports[`frodo authz policy delete "frodo authz policy delete -a": should delete all policies 1`] = `""`;

exports[`frodo authz policy delete "frodo authz policy delete -i 'Test Policy'": should delete the policies with id 'Test Policy' 1`] = `""`;
