// Jest Snapshot v1, https://goo.gl/fbAQLP

exports[`frodo email template list "frodo email template list --long": should list the ids, names, statuses, locales, senders (from), and subjects of the email templates 1`] = `
"Id                           │Name                            │Status │Locale(s)│From                                               │Subject                               
baselineDemoEmailVerification│Baseline Demo Email Verification│enabled│en       │security@example.com                               │Please verify your email address      
baselineDemoMagicLink        │Baseline Demo Magic Link        │enabled│en       │security@example.com                               │Your sign-in link                     
forgottenUsername            │                                │enabled│en (fr)  │                                                   │Account Information - username        
frEmailUpdated               │                                │enabled│en       │                                                   │Your email has been updated           
frForgotUsername             │                                │enabled│en       │                                                   │Forgot Username                       
frOnboarding                 │                                │enabled│en       │                                                   │Complete your ForgeRock Identity Cloud
                             │                                │       │         │                                                   │registration                          
frPasswordUpdated            │                                │enabled│en       │                                                   │Your password has been updated        
frProfileUpdated             │                                │enabled│en       │                                                   │Your profile has been updated         
frResetPassword              │                                │enabled│en       │                                                   │Reset your password                   
frUsernameUpdated            │                                │enabled│en       │                                                   │Your username has been updated        
idv                          │idv                             │enabled│en (fr)  │                                                   │You have been invited to verify your  
                             │                                │       │         │                                                   │identity                              
joiner                       │Joiner                          │enabled│en       │"Encore HR" <no-reply@encore.com>                  │Welcome to Encore!                    
registerPasswordlessDevice   │Register Passwordless Device    │enabled│en       │"ForgeRock Identity Cloud" <no-reply@forgerock.com>│Your magic link is here - register new
                             │                                │       │         │                                                   │WebAuthN device                       
registration                 │                                │enabled│en (fr)  │                                                   │Register new account                  
resetPassword                │                                │enabled│en (fr)  │                                                   │Reset your password                   
updatePassword               │                                │enabled│en       │                                                   │Update your password                  
welcome                      │                                │enabled│en       │                                                   │Your account has been created         
"
`;

exports[`frodo email template list "frodo email template list -l": should list the ids, names, statuses, locales, senders (from), and subjects of the email templates 1`] = `
"Id                           │Name                            │Status │Locale(s)│From                                               │Subject                               
baselineDemoEmailVerification│Baseline Demo Email Verification│enabled│en       │security@example.com                               │Please verify your email address      
baselineDemoMagicLink        │Baseline Demo Magic Link        │enabled│en       │security@example.com                               │Your sign-in link                     
forgottenUsername            │                                │enabled│en (fr)  │                                                   │Account Information - username        
frEmailUpdated               │                                │enabled│en       │                                                   │Your email has been updated           
frForgotUsername             │                                │enabled│en       │                                                   │Forgot Username                       
frOnboarding                 │                                │enabled│en       │                                                   │Complete your ForgeRock Identity Cloud
                             │                                │       │         │                                                   │registration                          
frPasswordUpdated            │                                │enabled│en       │                                                   │Your password has been updated        
frProfileUpdated             │                                │enabled│en       │                                                   │Your profile has been updated         
frResetPassword              │                                │enabled│en       │                                                   │Reset your password                   
frUsernameUpdated            │                                │enabled│en       │                                                   │Your username has been updated        
idv                          │idv                             │enabled│en (fr)  │                                                   │You have been invited to verify your  
                             │                                │       │         │                                                   │identity                              
joiner                       │Joiner                          │enabled│en       │"Encore HR" <no-reply@encore.com>                  │Welcome to Encore!                    
registerPasswordlessDevice   │Register Passwordless Device    │enabled│en       │"ForgeRock Identity Cloud" <no-reply@forgerock.com>│Your magic link is here - register new
                             │                                │       │         │                                                   │WebAuthN device                       
registration                 │                                │enabled│en (fr)  │                                                   │Register new account                  
resetPassword                │                                │enabled│en (fr)  │                                                   │Reset your password                   
updatePassword               │                                │enabled│en       │                                                   │Update your password                  
welcome                      │                                │enabled│en       │                                                   │Your account has been created         
"
`;

exports[`frodo email template list "frodo email template list": should list the ids of the email templates 1`] = `
"baselineDemoEmailVerification
baselineDemoMagicLink
forgottenUsername
frEmailUpdated
frForgotUsername
frOnboarding
frPasswordUpdated
frProfileUpdated
frResetPassword
frUsernameUpdated
idv
joiner
registerPasswordlessDevice
registration
resetPassword
updatePassword
welcome
"
`;
