// Jest Snapshot v1, https://goo.gl/fbAQLP

exports[`frodo esv secret import "frodo esv secret import --secret-id esv-test-secret --file test/e2e/exports/all/allSecrets.secret.json" Import secret "esv-test-secret" from "allSecrets.secret.json". 1`] = `""`;

exports[`frodo esv secret import "frodo esv secret import -AD test/e2e/exports/all-separate/cloud/global/secret --include-active-values" Import all secrets and secret values in directory "test/e2e/exports/all-separate/cloud/global/secret". 1`] = `""`;

exports[`frodo esv secret import "frodo esv secret import -AD test/e2e/exports/all-separate/cloud/global/secret" Import all secrets in directory "test/e2e/exports/all-separate/cloud/global/secret". 1`] = `""`;

exports[`frodo esv secret import "frodo esv secret import -a --file test/e2e/exports/all/allSecrets.secret.json" Import all secrets from "test/e2e/exports/all/allSecrets.secret.json". 1`] = `""`;

exports[`frodo esv secret import "frodo esv secret import -a -f allSecrets.secret.json -D test/e2e/exports/all" Import all secrets from "allSecrets.secret.json" in directory "test/e2e/exports/all-separate/cloud/global/secret". 1`] = `""`;

exports[`frodo esv secret import "frodo esv secret import -a -f test/e2e/exports/all/allSecrets.secret.json --include-active-values" Import all secrets and secret values from "test/e2e/exports/all/allSecrets.secret.json". 1`] = `""`;

exports[`frodo esv secret import "frodo esv secret import -f allSecrets.secret.json -D test/e2e/exports/all" Import first secret from "allSecrets.secret.json" in directory "test/e2e/exports/all" 1`] = `""`;

exports[`frodo esv secret import "frodo esv secret import -f esv-test-secret.secret.json --directory test/e2e/exports/all-separate/cloud/global/secret" Import first secret from "esv-test-secret.secret.json" in directory "test/e2e/exports/all-separate/cloud/global/secret". 1`] = `""`;

exports[`frodo esv secret import "frodo esv secret import -f test/e2e/exports/all/allSecrets.secret.json" Import first secret from "test/e2e/exports/all/allSecrets.secret.json". 1`] = `""`;

exports[`frodo esv secret import "frodo esv secret import -i esv-test-secret -f allSecrets.secret.json -D test/e2e/exports/all" Import secret "esv-test-secret" from "allSecrets.secret.json" in directory "test/e2e/exports/all". 1`] = `""`;

exports[`frodo esv secret import "frodo esv secret import -i esv-test-secret -f test/e2e/exports/all/allSecrets.secret.json --include-active-values" Import secret "esv-test-secret" and secret value from "test/e2e/exports/all/allSecrets.secret.json". 1`] = `""`;

exports[`frodo esv secret import "frodo esv secret import -i esv-test-secret -f test/e2e/exports/all/allSecrets.secret.json" Import secret "esv-test-secret" from "test/e2e/exports/all/allSecrets.secret.json". 1`] = `""`;
