// Jest Snapshot v1, https://goo.gl/fbAQLP

exports[`frodo esv variable create "frodo esv variable create --variable-id esv-test-var-pi-string --value "3.1415926" --variable-type string --description "This is another test variable."": should create an esv variable of type string with the value of pi. 1`] = `""`;

exports[`frodo esv variable create "frodo esv variable create --variable-id esv-test-var-pi-unknown --value "3.1415926" --description "This is another test variable." --variable-type unknown": should display an error when trying to create an esv variable of unknown type 1`] = `
"Connected to https://openam-frodo-dev.forgeblocks.com/am [alpha] as service account Frodo-SA-1701807230743 [b672336b-41ef-428d-ae4a-e0c082875377]
- Creating variable esv-test-var-pi-unknown...
âœ– Error updating variable esv-test-var-pi-unknown
  HTTP client error
    URL: https://openam-frodo-dev.forgeblocks.com/environment/variables/esv-test-var-pi-unknown
    Status: 400
    Code: ERR_BAD_REQUEST
    Message: request body has an error: doesn't match schema #/components/schemas/esvVariableCreateUpdateRequest: Error at "/expressionType": value is not one of the allowed values ["string","list","array","object","bool","int","number","base64encodedinlined","keyvaluelist"]
Error updating variable esv-test-var-pi-unknown
  HTTP client error
    URL: https://openam-frodo-dev.forgeblocks.com/environment/variables/esv-test-var-pi-unknown
    Status: 400
    Code: ERR_BAD_REQUEST
    Message: request body has an error: doesn't match schema #/components/schemas/esvVariableCreateUpdateRequest: Error at "/expressionType": value is not one of the allowed values ["string","list","array","object","bool","int","number","base64encodedinlined","keyvaluelist"]
"
`;

exports[`frodo esv variable create "frodo esv variable create -i esv-test-var-pi --value "3.1415926" --description "This is another test variable." --variable-type number": should create an esv variable of type number with the value of pi. 1`] = `""`;
