// Jest Snapshot v1, https://goo.gl/fbAQLP

exports[`frodo journey import "frodo journey import --all --file test/e2e/exports/all/allAlphaJourneys.journey.json --no-deps": should import all journeys from the file"test/e2e/exports/all/allAlphaJourneys.journey.json" with no deps 1`] = `""`;

exports[`frodo journey import "frodo journey import --all-separate --no-deps --directory test/e2e/exports/all-separate/cloud/realm/root-alpha/journey": should import all journeys from the test/e2e/exports/all-separate/cloud/realm/root-alpha/journey directory with no deps 1`] = `""`;

exports[`frodo journey import "frodo journey import --file test/e2e/exports/all/allAlphaJourneys.journey.json --no-deps": should import the first journey from the file"test/e2e/exports/all/allAlphaJourneys.journey.json" with no deps 1`] = `""`;

exports[`frodo journey import "frodo journey import --file test/e2e/exports/all/allAlphaJourneys.journey.json": should import the first journey from the file "test/e2e/exports/all/allAlphaJourneys.journey.json" 1`] = `""`;

exports[`frodo journey import "frodo journey import --journey-id j00 -f test/e2e/exports/all/allAlphaJourneys.journey.json --no-deps": should import the journey with the id "j00" from the file "test/e2e/exports/all/allAlphaJourneys.journey.json" with no deps 1`] = `""`;

exports[`frodo journey import "frodo journey import --verbose -f test/e2e/exports/all-separate/cloud/realm/root-alpha/journey/FrodoTest.journey.json": should import the journey in file "test/e2e/exports/all-separate/cloud/realm/root-alpha/journey/FrodoTest.journey.json" 1`] = `""`;

exports[`frodo journey import "frodo journey import --verbose -f test/e2e/exports/all-separate/cloud/realm/root-alpha/journey/FrodoTest.journey.json": should import the journey in file "test/e2e/exports/all-separate/cloud/realm/root-alpha/journey/FrodoTest.journey.json" 2`] = `
"Connected to https://openam-frodo-dev.forgeblocks.com/am [alpha] as service account Frodo-SA-1720799681233 [b672336b-41ef-428d-ae4a-e0c082875377]
Importing first journey in file...
- Resolving dependencies
✔ Resolved all dependencies.
- FrodoTest

  - Inner nodes:
    - 038f9b2a-36b2-489b-9e03-386c9a62ea21 (SelectIdPNode)
    - 228a44d5-fd78-4278-8999-fdd470ea7ebf (SelectIdPNode)
    - 7a351800-fb7e-4145-903c-388554747556 (ValidatedUsernameNode)
    - 804e6a68-1720-442b-926a-007e90f02782 (ValidatedPasswordNode)
    - dd16c8d4-baca-4ae0-bcd8-fb98b9040524 (ValidatedPasswordNode)
  - Nodes:
    - 278bf084-9eea-46fe-8ce9-2600dde3b046 (PageNode)
    - 64157fca-bd5b-4405-a4c8-64ffd98a5461 (product-Saml2Node)
    - 731c5810-020b-45c8-a7fc-3c21903ae2b3 (PageNode)
    - bf153f37-83dd-4f39-aa0c-74135430242e (EmailTemplateNode)
    - d5cc2d52-6ce4-452d-85ea-3a5b50218b67 (SocialProviderHandlerNode)
    - e2c39477-847a-4df2-9c5d-b449a752638b (ScriptedDecisionNode)
    - fc7e47cd-c679-4211-8e05-a36654f23c67 (IdentityStoreDecisionNode)
  - Flow
    - identityResource: managed/alpha_user
    - Done
- Importing FrodoTest...
✔ Imported FrodoTest.
"
`;

exports[`frodo journey import "frodo journey import -AD test/e2e/exports/all-separate/cloud/realm/root-alpha/journey": should import all journeys from the test/e2e/exports/all-separate/cloud/realm/root-alpha/journey directory" 1`] = `""`;

exports[`frodo journey import "frodo journey import -af allAlphaJourneys.journey.json -D test/e2e/exports/all": should import all journeys from the file "test/e2e/exports/all/allAlphaJourneys.journey.json" 1`] = `""`;

exports[`frodo journey import "frodo journey import -af test/e2e/exports/all/allAlphaJourneys.journey.json --re-uuid": should import all journeys from the file "test/e2e/exports/all/allAlphaJourneys.journey.json" with new uuids 1`] = `""`;

exports[`frodo journey import "frodo journey import -af test/e2e/exports/all/allAlphaJourneys.journey.json": should import all journeys from the file "test/e2e/exports/all/allAlphaJourneys.journey.json" 1`] = `""`;

exports[`frodo journey import "frodo journey import -f allAlphaJourneys.journey.json -D test/e2e/exports/all": should import the first journey from the file "test/e2e/exports/all/allAlphaJourneys.journey.json" 1`] = `""`;

exports[`frodo journey import "frodo journey import -f test/e2e/exports/all/allAlphaJourneys.journey.json --re-uuid": should import the first journey from the file "test/e2e/exports/all/allAlphaJourneys.journey.json" with new uuids 1`] = `""`;

exports[`frodo journey import "frodo journey import -f test/e2e/exports/all-separate/cloud/realm/root-alpha/journey/FrodoTest.journey.json": should import the journey in file "test/e2e/exports/all-separate/cloud/realm/root-alpha/journey/FrodoTest.journey.json" 1`] = `""`;

exports[`frodo journey import "frodo journey import -i j00 -f allAlphaJourneys.journey.json -D test/e2e/exports/all": should import the journey with the id "j00" from the file "test/e2e/exports/all/allAlphaJourneys.journey.json" 1`] = `""`;

exports[`frodo journey import "frodo journey import -i j00 -f test/e2e/exports/all/allAlphaJourneys.journey.json --re-uuid": should import the journey with the id "j00" from the file "test/e2e/exports/all/allAlphaJourneys.journey.json" with new uuids 1`] = `""`;
