// Jest Snapshot v1, https://goo.gl/fbAQLP

exports[`frodo oauth client import "Regression rockcarver/frodo-lib#393: frodo oauth client import -f 'testclient.oauth2.app.json' -D test/e2e/exports/all-separate/cloud/realm/root-alpha/oauth2.app": should import the first oauth client from the file "testclient.oauth2.app.json" 1`] = `""`;

exports[`frodo oauth client import "frodo oauth client import --all --file test/e2e/exports/all/allAlphaApplications.oauth2.app.json": should import all oauth clients from the file "test/e2e/exports/all/allAlphaApplications.oauth2.app.json" 1`] = `""`;

exports[`frodo oauth client import "frodo oauth client import --all-separate --directory test/e2e/exports/all-separate/cloud/realm/root-alpha/oauth2.app": should import all oauth clients from the test/e2e/exports/all-separate/cloud/realm/root-alpha/oauth2.app directory" 1`] = `""`;

exports[`frodo oauth client import "frodo oauth client import --app-id test2 --file test/e2e/exports/all/allAlphaApplications.oauth2.app.json": should import the oauth client with the id "test2" from the file "test/e2e/exports/all/allAlphaApplications.oauth2.app.json" 1`] = `""`;

exports[`frodo oauth client import "frodo oauth client import --file test/e2e/exports/all/allAlphaApplications.oauth2.app.json": should import the first oauth client from the file "test/e2e/exports/all/allAlphaApplications.oauth2.app.json" 1`] = `""`;

exports[`frodo oauth client import "frodo oauth client import --no-deps -AD test/e2e/exports/all-separate/cloud/realm/root-alpha/oauth2.app": should import all oauth clients from the test/e2e/exports/all-separate/cloud/realm/root-alpha/oauth2.app directory" 1`] = `""`;

exports[`frodo oauth client import "frodo oauth client import --no-deps -af test/e2e/exports/all/allAlphaApplications.oauth2.app.json": should import all oauth clients from the file "test/e2e/exports/all/allAlphaApplications.oauth2.app.json" 1`] = `""`;

exports[`frodo oauth client import "frodo oauth client import --no-deps -f test/e2e/exports/all/allAlphaApplications.oauth2.app.json": should import the first oauth client from the file "test/e2e/exports/all/allAlphaApplications.oauth2.app.json" 1`] = `""`;

exports[`frodo oauth client import "frodo oauth client import --no-deps -i test2 -f test/e2e/exports/all/allAlphaApplications.oauth2.app.json": should import the oauth client with the id "test2" from the file "test/e2e/exports/all/allAlphaApplications.oauth2.app.json" 1`] = `""`;

exports[`frodo oauth client import "frodo oauth client import -af allAlphaApplications.oauth2.app.json -D test/e2e/exports/all": should import all oauth clients from the file "test/e2e/exports/all/allAlphaApplications.oauth2.app.json" 1`] = `""`;

exports[`frodo oauth client import "frodo oauth client import -f allAlphaApplications.oauth2.app.json -D test/e2e/exports/all": should import the first oauth client from the file "test/e2e/exports/all/allAlphaApplications.oauth2.app.json" 1`] = `""`;

exports[`frodo oauth client import "frodo oauth client import -i test2 -f allAlphaApplications.oauth2.app.json -D test/e2e/exports/all": should import the oauth client with the id "test2" from the file "test/e2e/exports/all/allAlphaApplications.oauth2.app.json" 1`] = `""`;
