// Jest Snapshot v1, https://goo.gl/fbAQLP

exports[`frodo realm list "frodo realm list --long": should list the names, statuses, custom domains, and parents of the realms 1`] = `
"Id      │Name │Status│Custom Domains│Parent Path
L2FscGhh│alpha│active│              │/          
L2JyYXZv│bravo│active│              │/          
"
`;

exports[`frodo realm list "frodo realm list -l": should list the names, statuses, custom domains, and parents of the realms 1`] = `
"Id      │Name │Status│Custom Domains│Parent Path
L2FscGhh│alpha│active│              │/          
L2JyYXZv│bravo│active│              │/          
"
`;

exports[`frodo realm list "frodo realm list": should list the names of the realms 1`] = `
"/alpha
/bravo
"
`;
