// Jest Snapshot v1, https://goo.gl/fbAQLP

exports[`frodo saml import "frodo saml import --all --no-deps --file test/e2e/exports/all/allAlphaProviders.saml.json": should import all saml providers from the file "test/e2e/exports/all/allAlphaProviders.saml.json" 1`] = `""`;

exports[`frodo saml import "frodo saml import --all-separate --no-deps --directory test/e2e/exports/all-separate/cloud/realm/root-alpha/saml": should import all saml providers from the 'test/e2e/exports/all-separate/cloud/realm/root-alpha/saml' directory" 1`] = `""`;

exports[`frodo saml import "frodo saml import --no-deps --entity-id iSPAzure --file test/e2e/exports/all/allAlphaProviders.saml.json": should import the saml provider with the id "iSPAzure" from the file "test/e2e/exports/all/allAlphaProviders.saml.json" 1`] = `""`;

exports[`frodo saml import "frodo saml import --no-deps --file test/e2e/exports/all/allAlphaProviders.saml.json": should import the first saml from the file "test/e2e/exports/all/allAlphaProviders.saml.json" 1`] = `""`;

exports[`frodo saml import "frodo saml import -AD test/e2e/exports/all-separate/cloud/realm/root-alpha/saml": should import all saml providers from the 'test/e2e/exports/all-separate/cloud/realm/root-alpha/saml' directory" 1`] = `""`;

exports[`frodo saml import "frodo saml import -af test/e2e/exports/all/allAlphaProviders.saml.json": should import all saml providers from the file "test/e2e/exports/all/allAlphaProviders.saml.json" 1`] = `""`;

exports[`frodo saml import "frodo saml import -af test/e2e/exports/all/allAlphaProviders.saml.json": should import all saml providers from the file "test/e2e/exports/all/allAlphaProviders.saml.json" 2`] = `""`;

exports[`frodo saml import "frodo saml import -f test/e2e/exports/all/allAlphaProviders.saml.json": should import the first saml provider from the file "test/e2e/exports/all/allAlphaProviders.saml.json" 1`] = `""`;

exports[`frodo saml import "frodo saml import -f test/e2e/exports/all/allAlphaProviders.saml.json": should import the first saml provider from the file "test/e2e/exports/all/allAlphaProviders.saml.json" 2`] = `""`;

exports[`frodo saml import "frodo saml import -i iSPAzure -f allAlphaProviders.saml.json -D test/e2e/exports/all": should import the saml provider with the id "iSPAzure" from the file "test/e2e/exports/all/allAlphaProviders.saml.json" 1`] = `""`;

exports[`frodo saml import "frodo saml import -i iSPAzure -f test/e2e/exports/all/allAlphaProviders.saml.json": should import the saml provider with the id "iSPAzure" from the file "test/e2e/exports/all/allAlphaProviders.saml.json" 1`] = `""`;
