// Jest Snapshot v1, https://goo.gl/fbAQLP

exports[`frodo theme delete "frodo theme delete --theme-id 4eeb434c-1f56-4173-8da3-b49214bedeb6": should display error when the theme with id '4eeb434c-1f56-4173-8da3-b49214bedeb6' cannot be deleted since it does not exist 1`] = `
"Connected to https://openam-frodo-dev.forgeblocks.com/am [alpha] as service account Frodo-SA-1701807230743 [b672336b-41ef-428d-ae4a-e0c082875377]
- Deleting 4eeb434c-1f56-4173-8da3-b49214bedeb6...
✖ Error deleting theme
Error deleting alpha realm theme 4eeb434c-1f56-4173-8da3-b49214bedeb6
  '4eeb434c-1f56-4173-8da3-b49214bedeb6' not found in realm 'alpha'
"
`;

exports[`frodo theme delete "frodo theme delete --theme-name 'Does Not Exist'": should display error when the theme named 'Does Not Exist' cannot be deleted since it does not exist 1`] = `
"Connected to https://openam-frodo-dev.forgeblocks.com/am [alpha] as service account Frodo-SA-1701807230743 [b672336b-41ef-428d-ae4a-e0c082875377]
- Deleting Does Not Exist...
✖ Error: Error deleting alpha realm theme Does Not Exist
"
`;

exports[`frodo theme delete "frodo theme delete -a": should delete all themes 1`] = `""`;

exports[`frodo theme delete "frodo theme delete -i 9e6bf50d-85aa-4d70-a340-439d8bc7bc14": should delete the theme with id '9e6bf50d-85aa-4d70-a340-439d8bc7bc14' 1`] = `""`;

exports[`frodo theme delete "frodo theme delete -n 'Starter Theme'": should delete the theme named 'Starter Theme' 1`] = `""`;
